x86_64-w64-mingw32-g++ --static  -D_BSD_SOURCE -DSUPPORT_FILEFORMAT_PNG -D_FILE_OFFSET_BITS=64 -DSUPPORT_FILEFORMAT_BMP -DSUPPORT_FILEFORMAT_JPG -D_WIN32 -MMD -o object/fastrender.o -c src/fastrender.cpp -std=c++17 -O2 -Ivendor/raylib/src -Iinclude -Ivendor/zip/src -Iinclude/sound -I/usr/x86_64-w64-mingw32/include/SDL2 -I/usr/include/SDL2 -D_REENTRANT -D_FILE_OFFSET_BITS=64
In file included from include/fastrender.hpp:2,
                 from src/fastrender.cpp:1:
include/utils.hpp:12:10: warning: "M_PI" redefined
   12 | # define M_PI 3.14159265358979323846f
      |          ^~~~
In file included from /usr/x86_64-w64-mingw32/include/c++/14.2.0/cmath:47,
                 from /usr/x86_64-w64-mingw32/include/c++/14.2.0/math.h:36,
                 from /usr/x86_64-w64-mingw32/include/SDL2/SDL_stdinc.h:90,
                 from /usr/x86_64-w64-mingw32/include/SDL2/SDL_main.h:25,
                 from /usr/x86_64-w64-mingw32/include/SDL2/SDL.h:32,
                 from vendor/raylib/src/raylib.h:80,
                 from include/utils.hpp:2:
/usr/x86_64-w64-mingw32/include/math.h:45:9: note: this is the location of the previous definition
   45 | #define M_PI            3.14159265358979323846
      |         ^~~~
x86_64-w64-mingw32-g++ --static  -D_BSD_SOURCE -DSUPPORT_FILEFORMAT_PNG -D_FILE_OFFSET_BITS=64 -DSUPPORT_FILEFORMAT_BMP -DSUPPORT_FILEFORMAT_JPG -D_WIN32 -MMD -o object/followpoint.o -c src/followpoint.cpp -std=c++17 -O2 -Ivendor/raylib/src -Iinclude -Ivendor/zip/src -Iinclude/sound -I/usr/x86_64-w64-mingw32/include/SDL2 -I/usr/include/SDL2 -D_REENTRANT -D_FILE_OFFSET_BITS=64
In file included from include/gamemanager.hpp:6,
                 from src/followpoint.cpp:4:
include/utils.hpp:12:10: warning: "M_PI" redefined
   12 | # define M_PI 3.14159265358979323846f
      |          ^~~~
In file included from /usr/x86_64-w64-mingw32/include/c++/14.2.0/cmath:47,
                 from /usr/x86_64-w64-mingw32/include/c++/14.2.0/math.h:36,
                 from /usr/x86_64-w64-mingw32/include/SDL2/SDL_stdinc.h:90,
                 from /usr/x86_64-w64-mingw32/include/SDL2/SDL_main.h:25,
                 from /usr/x86_64-w64-mingw32/include/SDL2/SDL.h:32,
                 from vendor/raylib/src/raylib.h:80,
                 from include/followpoint.hpp:5,
                 from src/followpoint.cpp:1:
/usr/x86_64-w64-mingw32/include/math.h:45:9: note: this is the location of the previous definition
   45 | #define M_PI            3.14159265358979323846
      |         ^~~~
src/followpoint.cpp: In member function ‘void FollowPoint::render()’:
src/followpoint.cpp:77:127: warning: narrowing conversion of ‘opacity’ from ‘int’ to ‘unsigned char’ [-Wnarrowing]
   77 |                 DrawCircleWithDepth((Vector2){ScaleCordX(points[i].x), ScaleCordY(points[i].y)}, Scale(3), 4, 0, {255,200,255,opacity});
      |                                                                                                                               ^~~~~~~
x86_64-w64-mingw32-g++ --static  -D_BSD_SOURCE -DSUPPORT_FILEFORMAT_PNG -D_FILE_OFFSET_BITS=64 -DSUPPORT_FILEFORMAT_BMP -DSUPPORT_FILEFORMAT_JPG -D_WIN32 -MMD -o object/fs.o -c src/fs.cpp -std=c++17 -O2 -Ivendor/raylib/src -Iinclude -Ivendor/zip/src -Iinclude/sound -I/usr/x86_64-w64-mingw32/include/SDL2 -I/usr/include/SDL2 -D_REENTRANT -D_FILE_OFFSET_BITS=64
In file included from include/gamemanager.hpp:6,
                 from include/globals.hpp:7,
                 from src/fs.cpp:2:
include/utils.hpp:12:10: warning: "M_PI" redefined
   12 | # define M_PI 3.14159265358979323846f
      |          ^~~~
In file included from /usr/x86_64-w64-mingw32/include/c++/14.2.0/cmath:47,
                 from /usr/x86_64-w64-mingw32/include/c++/14.2.0/math.h:36,
                 from /usr/x86_64-w64-mingw32/include/SDL2/SDL_stdinc.h:90,
                 from /usr/x86_64-w64-mingw32/include/SDL2/SDL_main.h:25,
                 from /usr/x86_64-w64-mingw32/include/SDL2/SDL.h:32,
                 from include/platformspesifics.hpp:7,
                 from include/globals.hpp:2:
/usr/x86_64-w64-mingw32/include/math.h:45:9: note: this is the location of the previous definition
   45 | #define M_PI            3.14159265358979323846
      |         ^~~~
x86_64-w64-mingw32-g++ --static  -D_BSD_SOURCE -DSUPPORT_FILEFORMAT_PNG -D_FILE_OFFSET_BITS=64 -DSUPPORT_FILEFORMAT_BMP -DSUPPORT_FILEFORMAT_JPG -D_WIN32 -MMD -o object/gamemanager.o -c src/gamemanager.cpp -std=c++17 -O2 -Ivendor/raylib/src -Iinclude -Ivendor/zip/src -Iinclude/sound -I/usr/x86_64-w64-mingw32/include/SDL2 -I/usr/include/SDL2 -D_REENTRANT -D_FILE_OFFSET_BITS=64
In file included from include/gamemanager.hpp:6,
                 from src/gamemanager.cpp:1:
include/utils.hpp:12:10: warning: "M_PI" redefined
   12 | # define M_PI 3.14159265358979323846f
      |          ^~~~
In file included from /usr/x86_64-w64-mingw32/include/c++/14.2.0/cmath:47,
                 from /usr/x86_64-w64-mingw32/include/c++/14.2.0/math.h:36,
                 from /usr/x86_64-w64-mingw32/include/SDL2/SDL_stdinc.h:90,
                 from /usr/x86_64-w64-mingw32/include/SDL2/SDL_main.h:25,
                 from /usr/x86_64-w64-mingw32/include/SDL2/SDL.h:32,
                 from vendor/raylib/src/raylib.h:80,
                 from include/hitobject.hpp:5,
                 from include/gamefile.hpp:4,
                 from include/parser.hpp:4,
                 from include/gamemanager.hpp:2:
/usr/x86_64-w64-mingw32/include/math.h:45:9: note: this is the location of the previous definition
   45 | #define M_PI            3.14159265358979323846
      |         ^~~~
src/gamemanager.cpp: In member function ‘void GameManager::update()’:
src/gamemanager.cpp:310:105: warning: narrowing conversion of ‘hitObject->HitObject::data.HitObjectData::x’ from ‘short int’ to ‘float’ [-Wnarrowing]
  310 |                         Global.AutoMousePosition = lerp(Global.AutoMousePositionStart, {hitObject->data.x, hitObject->data.y}, clip((currentTime*1000.0f-Global.AutoMouseStartTime) / (hitObject->data.time-Global.AutoMouseStartTime), 0, 1));
      |                                                                                         ~~~~~~~~~~~~~~~~^
src/gamemanager.cpp:310:124: warning: narrowing conversion of ‘hitObject->HitObject::data.HitObjectData::y’ from ‘short int’ to ‘float’ [-Wnarrowing]
  310 |                         Global.AutoMousePosition = lerp(Global.AutoMousePositionStart, {hitObject->data.x, hitObject->data.y}, clip((currentTime*1000.0f-Global.AutoMouseStartTime) / (hitObject->data.time-Global.AutoMouseStartTime), 0, 1));
      |                                                                                                            ~~~~~~~~~~~~~~~~^
src/gamemanager.cpp:315:108: warning: narrowing conversion of ‘hitObject->HitObject::data.HitObjectData::x’ from ‘short int’ to ‘float’ [-Wnarrowing]
  315 |                                 if (CheckCollisionPointCircle(Global.MousePosition,Vector2{hitObject->data.x,(float)hitObject->data.y}, circlesize/2.0f)){
      |                                                                                            ~~~~~~~~~~~~~~~~^
src/gamemanager.cpp:397:115: warning: narrowing conversion of ‘hitObject->HitObject::data.HitObjectData::x’ from ‘short int’ to ‘float’ [-Wnarrowing]
  397 |                                         if(CheckCollisionPointCircle(Global.MousePosition,Vector2{hitObject->data.x,(float)hitObject->data.y}, circlesize/2.0f) && currentTime*1000.0f < tempslider->data.time + gameFile.p50Final){
      |                                                                                                   ~~~~~~~~~~~~~~~~^
src/gamemanager.cpp:496:98: warning: narrowing conversion of ‘hitObject->HitObject::data.HitObjectData::x’ from ‘short int’ to ‘float’ [-Wnarrowing]
  496 |                                                 Global.AutoMousePositionStart = {hitObject->data.x, hitObject->data.y};
      |                                                                                  ~~~~~~~~~~~~~~~~^
src/gamemanager.cpp:496:117: warning: narrowing conversion of ‘hitObject->HitObject::data.HitObjectData::y’ from ‘short int’ to ‘float’ [-Wnarrowing]
  496 |                                                 Global.AutoMousePositionStart = {hitObject->data.x, hitObject->data.y};
      |                                                                                                     ~~~~~~~~~~~~~~~~^
src/gamemanager.cpp: In member function ‘void GameManager::render()’:
src/gamemanager.cpp:739:180: warning: narrowing conversion of ‘(int)ScaleCordX(float)((float)5)’ from ‘int’ to ‘float’ [-Wnarrowing]
  739 |                 DrawTextEx(&Global.DefaultFont, TextFormat("TO SKIP PRESS \"S\"\n(Keep in mind that this can affect the offset\nbecause of how the raylib sounds system works)"), {(int)ScaleCordX(5), (int)ScaleCordY(400)}, Scale(20.05), Scale(2), WHITE);
      |                                                                                                                                                                                    ^~~~~~~~~~~~~~~~~~
src/gamemanager.cpp:739:200: warning: narrowing conversion of ‘(int)ScaleCordY(float)((float)400)’ from ‘int’ to ‘float’ [-Wnarrowing]
  739 |                 DrawTextEx(&Global.DefaultFont, TextFormat("TO SKIP PRESS \"S\"\n(Keep in mind that this can affect the offset\nbecause of how the raylib sounds system works)"), {(int)ScaleCordX(5), (int)ScaleCordY(400)}, Scale(20.05), Scale(2), WHITE);
      |                                                                                                                                                                                                        ^~~~~~~~~~~~~~~~~~~~
src/gamemanager.cpp: In member function ‘void GameManager::loadDefaultSkin(std::string)’:
src/gamemanager.cpp:935:20: warning: ISO C++ forbids converting a string constant to ‘char*’ [-Wwrite-strings]
  935 |         files = ls(".png");
      |                    ^~~~~~
src/gamemanager.cpp: In member function ‘void GameManager::loadGameSkin(std::string)’:
src/gamemanager.cpp:1045:20: warning: ISO C++ forbids converting a string constant to ‘char*’ [-Wwrite-strings]
 1045 |         files = ls(".png");
      |                    ^~~~~~
src/gamemanager.cpp: In member function ‘void GameManager::loadBeatmapSkin(std::string)’:
src/gamemanager.cpp:1152:20: warning: ISO C++ forbids converting a string constant to ‘char*’ [-Wwrite-strings]
 1152 |         files = ls(".png");
      |                    ^~~~~~
src/gamemanager.cpp: In member function ‘void GameManager::loadGame(std::string)’:
src/gamemanager.cpp:1321:20: warning: ISO C++ forbids converting a string constant to ‘char*’ [-Wwrite-strings]
 1321 |         files = ls(".png");
      |                    ^~~~~~
src/gamemanager.cpp: In member function ‘void GameManager::unloadGame()’:
src/gamemanager.cpp:1860:53: warning: deleting ‘void*’ is undefined [-Wdelete-incomplete]
 1860 |                 delete objectsLinkedList.getHead()->object;
      |                        ~~~~~~~~~~~~~~~~~~~~~~~~~~~~~^~~~~~
src/gamemanager.cpp:1867:57: warning: deleting ‘void*’ is undefined [-Wdelete-incomplete]
 1867 |                 delete deadObjectsLinkedList.getHead()->object;
      |                        ~~~~~~~~~~~~~~~~~~~~~~~~~~~~~~~~~^~~~~~
src/gamemanager.cpp: In member function ‘void GameManager::destroyDeadHitObject(Node*)’:
src/gamemanager.cpp:1918:22: warning: deleting ‘void*’ is undefined [-Wdelete-incomplete]
 1918 |         delete node->object;
      |                ~~~~~~^~~~~~
src/gamemanager.cpp: In member function ‘void GameManager::loadGameTextures()’:
src/gamemanager.cpp:2026:20: warning: ISO C++ forbids converting a string constant to ‘char*’ [-Wwrite-strings]
 2026 |         files = ls(".png");
      |                    ^~~~~~
src/gamemanager.cpp:2027:46: warning: ISO C++ forbids converting a string constant to ‘char*’ [-Wwrite-strings]
 2027 |         std::vector<std::string> files2 = ls(".jpg");
      |                                              ^~~~~~
src/gamemanager.cpp:2028:46: warning: ISO C++ forbids converting a string constant to ‘char*’ [-Wwrite-strings]
 2028 |         std::vector<std::string> files3 = ls(".jpeg");
      |                                              ^~~~~~~
src/gamemanager.cpp:2092:115: warning: narrowing conversion of ‘((GameManager*)this)->GameManager::gameFile.GameFile::events.std::vector<Event>::operator[](((std::vector<Event>::size_type)j)).Event::xOffset’ from ‘int’ to ‘float’ [-Wnarrowing]
 2092 |                                         backgroundTextures.pos[gameFile.events[j].filename] = {gameFile.events[j].xOffset, gameFile.events[j].yOffset};
src/gamemanager.cpp:2092:143: warning: narrowing conversion of ‘((GameManager*)this)->GameManager::gameFile.GameFile::events.std::vector<Event>::operator[](((std::vector<Event>::size_type)j)).Event::yOffset’ from ‘int’ to ‘float’ [-Wnarrowing]
 2092 |                                         backgroundTextures.pos[gameFile.events[j].filename] = {gameFile.events[j].xOffset, gameFile.events[j].yOffset};
src/gamemanager.cpp: In member function ‘void GameManager::loadGameSounds()’:
src/gamemanager.cpp:2594:50: warning: ISO C++ forbids converting a string constant to ‘char*’ [-Wwrite-strings]
 2594 |         std::vector<std::string> ComboBreak = ls(".wav");
      |                                                  ^~~~~~
src/gamemanager.cpp:2629:25: warning: ISO C++ forbids converting a string constant to ‘char*’ [-Wwrite-strings]
 2629 |         ComboBreak = ls(".ogg");
      |                         ^~~~~~
src/gamemanager.cpp:2658:25: warning: ISO C++ forbids converting a string constant to ‘char*’ [-Wwrite-strings]
 2658 |         ComboBreak = ls(".mp3");
      |                         ^~~~~~
src/gamemanager.cpp:2688:25: warning: ISO C++ forbids converting a string constant to ‘char*’ [-Wwrite-strings]
 2688 |         ComboBreak = ls(".wav");
      |                         ^~~~~~
src/gamemanager.cpp:2716:25: warning: ISO C++ forbids converting a string constant to ‘char*’ [-Wwrite-strings]
 2716 |         ComboBreak = ls(".ogg");
      |                         ^~~~~~
src/gamemanager.cpp:2743:25: warning: ISO C++ forbids converting a string constant to ‘char*’ [-Wwrite-strings]
 2743 |         ComboBreak = ls(".mp3");
      |                         ^~~~~~
src/gamemanager.cpp:2772:25: warning: ISO C++ forbids converting a string constant to ‘char*’ [-Wwrite-strings]
 2772 |         ComboBreak = ls(".wav");
      |                         ^~~~~~
src/gamemanager.cpp:2797:25: warning: ISO C++ forbids converting a string constant to ‘char*’ [-Wwrite-strings]
 2797 |         ComboBreak = ls(".ogg");
      |                         ^~~~~~
src/gamemanager.cpp:2822:25: warning: ISO C++ forbids converting a string constant to ‘char*’ [-Wwrite-strings]
 2822 |         ComboBreak = ls(".mp3");
      |                         ^~~~~~
x86_64-w64-mingw32-g++ --static  -D_BSD_SOURCE -DSUPPORT_FILEFORMAT_PNG -D_FILE_OFFSET_BITS=64 -DSUPPORT_FILEFORMAT_BMP -DSUPPORT_FILEFORMAT_JPG -D_WIN32 -MMD -o object/gui.o -c src/gui.cpp -std=c++17 -O2 -Ivendor/raylib/src -Iinclude -Ivendor/zip/src -Iinclude/sound -I/usr/x86_64-w64-mingw32/include/SDL2 -I/usr/include/SDL2 -D_REENTRANT -D_FILE_OFFSET_BITS=64
In file included from src/gui.cpp:2:
include/utils.hpp:12:10: warning: "M_PI" redefined
   12 | # define M_PI 3.14159265358979323846f
      |          ^~~~
In file included from /usr/x86_64-w64-mingw32/include/c++/14.2.0/cmath:47,
                 from /usr/x86_64-w64-mingw32/include/c++/14.2.0/math.h:36,
                 from /usr/x86_64-w64-mingw32/include/SDL2/SDL_stdinc.h:90,
                 from /usr/x86_64-w64-mingw32/include/SDL2/SDL_main.h:25,
                 from /usr/x86_64-w64-mingw32/include/SDL2/SDL.h:32,
                 from vendor/raylib/src/raylib.h:80,
                 from include/gui.hpp:3,
                 from src/gui.cpp:1:
/usr/x86_64-w64-mingw32/include/math.h:45:9: note: this is the location of the previous definition
   45 | #define M_PI            3.14159265358979323846
      |         ^~~~
src/gui.cpp: In member function ‘virtual void Button::render()’:
src/gui.cpp:33:55: warning: narrowing conversion of ‘(int)ScaleCordX(float)(TextBoxLocation.Vector2::x)’ from ‘int’ to ‘float’ [-Wnarrowing]
   33 |         DrawTextEx(&Global.DefaultFont, text, Vector2{(int)ScaleCordX(TextBoxLocation.x), (int)ScaleCordY(TextBoxLocation.y)}, Scale(textsize),  Scale(2), this->color);
      |                                                       ^~~~~~~~~~~~~~~~~~~~~~~~~~~~~~~~~~
src/gui.cpp:33:91: warning: narrowing conversion of ‘(int)ScaleCordY(float)(TextBoxLocation.Vector2::y)’ from ‘int’ to ‘float’ [-Wnarrowing]
   33 |         DrawTextEx(&Global.DefaultFont, text, Vector2{(int)ScaleCordX(TextBoxLocation.x), (int)ScaleCordY(TextBoxLocation.y)}, Scale(textsize),  Scale(2), this->color);
      |                                                                                           ^~~~~~~~~~~~~~~~~~~~~~~~~~~~~~~~~~
src/gui.cpp:39:55: warning: narrowing conversion of ‘(int)ScaleCordX(float)(TextBoxLocation.Vector2::x)’ from ‘int’ to ‘float’ [-Wnarrowing]
   39 |         DrawTextEx(&Global.DefaultFont, text, Vector2{(int)ScaleCordX(TextBoxLocation.x), (int)ScaleCordY(TextBoxLocation.y)}, Scale(textsize),  Scale(2), textcolor);
      |                                                       ^~~~~~~~~~~~~~~~~~~~~~~~~~~~~~~~~~
src/gui.cpp:39:91: warning: narrowing conversion of ‘(int)ScaleCordY(float)(TextBoxLocation.Vector2::y)’ from ‘int’ to ‘float’ [-Wnarrowing]
   39 |         DrawTextEx(&Global.DefaultFont, text, Vector2{(int)ScaleCordX(TextBoxLocation.x), (int)ScaleCordY(TextBoxLocation.y)}, Scale(textsize),  Scale(2), textcolor);
      |                                                                                           ^~~~~~~~~~~~~~~~~~~~~~~~~~~~~~~~~~
src/gui.cpp:43:55: warning: narrowing conversion of ‘(int)ScaleCordX(float)(TextBoxLocation.Vector2::x)’ from ‘int’ to ‘float’ [-Wnarrowing]
   43 |         DrawTextEx(&Global.DefaultFont, text, Vector2{(int)ScaleCordX(TextBoxLocation.x), (int)ScaleCordY(TextBoxLocation.y)}, Scale(textsize),  Scale(2), textcolor);
      |                                                       ^~~~~~~~~~~~~~~~~~~~~~~~~~~~~~~~~~
src/gui.cpp:43:91: warning: narrowing conversion of ‘(int)ScaleCordY(float)(TextBoxLocation.Vector2::y)’ from ‘int’ to ‘float’ [-Wnarrowing]
   43 |         DrawTextEx(&Global.DefaultFont, text, Vector2{(int)ScaleCordX(TextBoxLocation.x), (int)ScaleCordY(TextBoxLocation.y)}, Scale(textsize),  Scale(2), textcolor);
      |                                                                                           ^~~~~~~~~~~~~~~~~~~~~~~~~~~~~~~~~~
src/gui.cpp: In member function ‘virtual void TextBox::render()’:
src/gui.cpp:85:70: warning: narrowing conversion of ‘(int)ScaleCordX(float)(TextBoxLocation.Vector2::x)’ from ‘int’ to ‘float’ [-Wnarrowing]
   85 |             DrawTextEx(&Global.DefaultFont, subtext.c_str(), Vector2{(int)ScaleCordX(TextBoxLocation.x), (int)ScaleCordY(TextBoxLocation.y)}, Scale(textsize),  Scale(2), this->color);
      |                                                                      ^~~~~~~~~~~~~~~~~~~~~~~~~~~~~~~~~~
src/gui.cpp:85:106: warning: narrowing conversion of ‘(int)ScaleCordY(float)(TextBoxLocation.Vector2::y)’ from ‘int’ to ‘float’ [-Wnarrowing]
   85 |             DrawTextEx(&Global.DefaultFont, subtext.c_str(), Vector2{(int)ScaleCordX(TextBoxLocation.x), (int)ScaleCordY(TextBoxLocation.y)}, Scale(textsize),  Scale(2), this->color);
      |                                                                                                          ^~~~~~~~~~~~~~~~~~~~~~~~~~~~~~~~~~
src/gui.cpp:87:73: warning: narrowing conversion of ‘(int)ScaleCordX(float)(TextBoxLocation.Vector2::x)’ from ‘int’ to ‘float’ [-Wnarrowing]
   87 |             DrawTextEx(&Global.DefaultFont, rendertext.c_str(), Vector2{(int)ScaleCordX(TextBoxLocation.x), (int)ScaleCordY(TextBoxLocation.y)}, Scale(textsize),  Scale(2), this->color);
      |                                                                         ^~~~~~~~~~~~~~~~~~~~~~~~~~~~~~~~~~
src/gui.cpp:87:109: warning: narrowing conversion of ‘(int)ScaleCordY(float)(TextBoxLocation.Vector2::y)’ from ‘int’ to ‘float’ [-Wnarrowing]
   87 |             DrawTextEx(&Global.DefaultFont, rendertext.c_str(), Vector2{(int)ScaleCordX(TextBoxLocation.x), (int)ScaleCordY(TextBoxLocation.y)}, Scale(textsize),  Scale(2), this->color);
      |                                                                                                             ^~~~~~~~~~~~~~~~~~~~~~~~~~~~~~~~~~
src/gui.cpp:96:69: warning: narrowing conversion of ‘(int)ScaleCordX(float)(TextBoxLocation.Vector2::x)’ from ‘int’ to ‘float’ [-Wnarrowing]
   96 |         DrawTextEx(&Global.DefaultFont, rendertext.c_str(), Vector2{(int)ScaleCordX(TextBoxLocation.x), (int)ScaleCordY(TextBoxLocation.y)}, Scale(textsize),  Scale(2), textcolor);
      |                                                                     ^~~~~~~~~~~~~~~~~~~~~~~~~~~~~~~~~~
src/gui.cpp:96:105: warning: narrowing conversion of ‘(int)ScaleCordY(float)(TextBoxLocation.Vector2::y)’ from ‘int’ to ‘float’ [-Wnarrowing]
   96 |         DrawTextEx(&Global.DefaultFont, rendertext.c_str(), Vector2{(int)ScaleCordX(TextBoxLocation.x), (int)ScaleCordY(TextBoxLocation.y)}, Scale(textsize),  Scale(2), textcolor);
      |                                                                                                         ^~~~~~~~~~~~~~~~~~~~~~~~~~~~~~~~~~
src/gui.cpp:100:69: warning: narrowing conversion of ‘(int)ScaleCordX(float)(TextBoxLocation.Vector2::x)’ from ‘int’ to ‘float’ [-Wnarrowing]
  100 |         DrawTextEx(&Global.DefaultFont, rendertext.c_str(), Vector2{(int)ScaleCordX(TextBoxLocation.x), (int)ScaleCordY(TextBoxLocation.y)}, Scale(textsize),  Scale(2), textcolor);
      |                                                                     ^~~~~~~~~~~~~~~~~~~~~~~~~~~~~~~~~~
src/gui.cpp:100:105: warning: narrowing conversion of ‘(int)ScaleCordY(float)(TextBoxLocation.Vector2::y)’ from ‘int’ to ‘float’ [-Wnarrowing]
  100 |         DrawTextEx(&Global.DefaultFont, rendertext.c_str(), Vector2{(int)ScaleCordX(TextBoxLocation.x), (int)ScaleCordY(TextBoxLocation.y)}, Scale(textsize),  Scale(2), textcolor);
      |                                                                                                         ^~~~~~~~~~~~~~~~~~~~~~~~~~~~~~~~~~
src/gui.cpp: In member function ‘virtual void TestSlider::render()’:
src/gui.cpp:299:51: warning: narrowing conversion of ‘(((double)((TestSlider*)this)->TestSlider::GuiElement.GuiElement::position.Vector2::x) - ((((double)((TestSlider*)this)->TestSlider::GuiElement.GuiElement::size.Vector2::x) * ((double)1 - percentage)) / (double)2))’ from ‘double’ to ‘float’ [-Wnarrowing]
  299 |     Rectangle Left = GetRaylibOriginR({position.x - (size.x * (1 - percentage)) / 2, position.y, size.x * percentage, size.y});
      |                                        ~~~~~~~~~~~^~~~~~~~~~~~~~~~~~~~~~~~~~~~~~~~~
src/gui.cpp:299:105: warning: narrowing conversion of ‘(((double)((TestSlider*)this)->TestSlider::GuiElement.GuiElement::size.Vector2::x) * percentage)’ from ‘double’ to ‘float’ [-Wnarrowing]
  299 |     Rectangle Left = GetRaylibOriginR({position.x - (size.x * (1 - percentage)) / 2, position.y, size.x * percentage, size.y});
      |                                                                                                  ~~~~~~~^~~~~~~~~~~~
src/gui.cpp:300:52: warning: narrowing conversion of ‘(((double)((TestSlider*)this)->TestSlider::GuiElement.GuiElement::position.Vector2::x) + ((((double)((TestSlider*)this)->TestSlider::GuiElement.GuiElement::size.Vector2::x) * percentage) / (double)2))’ from ‘double’ to ‘float’ [-Wnarrowing]
  300 |     Rectangle Right = GetRaylibOriginR({position.x + (size.x * (percentage)) / 2, position.y, size.x * (1.0f-percentage), size.y});
      |                                         ~~~~~~~~~~~^~~~~~~~~~~~~~~~~~~~~~~~~~~~~
src/gui.cpp:300:102: warning: narrowing conversion of ‘(((double)((TestSlider*)this)->TestSlider::GuiElement.GuiElement::size.Vector2::x) * (((double)1.0e+0f) - percentage))’ from ‘double’ to ‘float’ [-Wnarrowing]
  300 |     Rectangle Right = GetRaylibOriginR({position.x + (size.x * (percentage)) / 2, position.y, size.x * (1.0f-percentage), size.y});
      |                                                                                               ~~~~~~~^~~~~~~~~~~~~~~~~~~
src/gui.cpp:301:68: warning: narrowing conversion of ‘(((double)(((TestSlider*)this)->TestSlider::GuiElement.GuiElement::position.Vector2::x - (((TestSlider*)this)->TestSlider::GuiElement.GuiElement::size.Vector2::x / (float)2))) + (((double)((TestSlider*)this)->TestSlider::GuiElement.GuiElement::size.Vector2::x) * percentage))’ from ‘double’ to ‘float’ [-Wnarrowing]
  301 |     Rectangle Dingus = GetRaylibOriginR({position.x - (size.x / 2) + (size.x * (percentage)), position.y, size.y / 2, size.y});
      |                                          ~~~~~~~~~~~~~~~~~~~~~~~~~~^~~~~~~~~~~~~~~~~~~~~~~~~
src/gui.cpp: In member function ‘virtual void TestSlider::update()’:
src/gui.cpp:345:68: warning: narrowing conversion of ‘(((double)(((TestSlider*)this)->TestSlider::GuiElement.GuiElement::position.Vector2::x - (((TestSlider*)this)->TestSlider::GuiElement.GuiElement::size.Vector2::x / (float)2))) + (((double)((TestSlider*)this)->TestSlider::GuiElement.GuiElement::size.Vector2::x) * percentage))’ from ‘double’ to ‘float’ [-Wnarrowing]
  345 |     Rectangle Dingus = GetRaylibOriginR({position.x - (size.x / 2) + (size.x * (percentage)), position.y, size.y / 2, size.y});
      |                                          ~~~~~~~~~~~~~~~~~~~~~~~~~~^~~~~~~~~~~~~~~~~~~~~~~~~
x86_64-w64-mingw32-g++ --static  -D_BSD_SOURCE -DSUPPORT_FILEFORMAT_PNG -D_FILE_OFFSET_BITS=64 -DSUPPORT_FILEFORMAT_BMP -DSUPPORT_FILEFORMAT_JPG -D_WIN32 -MMD -o object/hitobjectcircle.o -c src/hitobjectcircle.cpp -std=c++17 -O2 -Ivendor/raylib/src -Iinclude -Ivendor/zip/src -Iinclude/sound -I/usr/x86_64-w64-mingw32/include/SDL2 -I/usr/include/SDL2 -D_REENTRANT -D_FILE_OFFSET_BITS=64
In file included from include/gamemanager.hpp:6,
                 from src/hitobjectcircle.cpp:4:
include/utils.hpp:12:10: warning: "M_PI" redefined
   12 | # define M_PI 3.14159265358979323846f
      |          ^~~~
In file included from /usr/x86_64-w64-mingw32/include/c++/14.2.0/cmath:47,
                 from /usr/x86_64-w64-mingw32/include/c++/14.2.0/math.h:36,
                 from /usr/x86_64-w64-mingw32/include/SDL2/SDL_stdinc.h:90,
                 from /usr/x86_64-w64-mingw32/include/SDL2/SDL_main.h:25,
                 from /usr/x86_64-w64-mingw32/include/SDL2/SDL.h:32,
                 from vendor/raylib/src/raylib.h:80,
                 from include/hitobject.hpp:5,
                 from src/hitobjectcircle.cpp:1:
/usr/x86_64-w64-mingw32/include/math.h:45:9: note: this is the location of the previous definition
   45 | #define M_PI            3.14159265358979323846
      |         ^~~~
x86_64-w64-mingw32-g++ --static  -D_BSD_SOURCE -DSUPPORT_FILEFORMAT_PNG -D_FILE_OFFSET_BITS=64 -DSUPPORT_FILEFORMAT_BMP -DSUPPORT_FILEFORMAT_JPG -D_WIN32 -MMD -o object/hitobjectslider.o -c src/hitobjectslider.cpp -std=c++17 -O2 -Ivendor/raylib/src -Iinclude -Ivendor/zip/src -Iinclude/sound -I/usr/x86_64-w64-mingw32/include/SDL2 -I/usr/include/SDL2 -D_REENTRANT -D_FILE_OFFSET_BITS=64
In file included from include/gamemanager.hpp:6,
                 from src/hitobjectslider.cpp:4:
include/utils.hpp:12:10: warning: "M_PI" redefined
   12 | # define M_PI 3.14159265358979323846f
      |          ^~~~
In file included from /usr/x86_64-w64-mingw32/include/c++/14.2.0/cmath:47,
                 from /usr/x86_64-w64-mingw32/include/c++/14.2.0/math.h:36,
                 from /usr/x86_64-w64-mingw32/include/SDL2/SDL_stdinc.h:90,
                 from /usr/x86_64-w64-mingw32/include/SDL2/SDL_main.h:25,
                 from /usr/x86_64-w64-mingw32/include/SDL2/SDL.h:32,
                 from vendor/raylib/src/raylib.h:80,
                 from include/hitobject.hpp:5,
                 from src/hitobjectslider.cpp:1:
/usr/x86_64-w64-mingw32/include/math.h:45:9: note: this is the location of the previous definition
   45 | #define M_PI            3.14159265358979323846
      |         ^~~~
src/hitobjectslider.cpp: In member function ‘virtual void Slider::render()’:
src/hitobjectslider.cpp:1104:37: error: ‘DrawCircleWithDepthGrad’ was not declared in this scope; did you mean ‘DrawCircleWithDepth’?
 1104 |                                     DrawCircleWithDepthGrad(centerCoord, ((gm->circlesize/2.0f) * 0.76)  * Global.sliderTexSize, Global.circleSector*2, 0.4f, Fade(color, 0.7f), Fade(color, 0.3f));//{2, 0, 4, 128});
      |                                     ^~~~~~~~~~~~~~~~~~~~~~~
      |                                     DrawCircleWithDepth
src/hitobjectslider.cpp:1158:43: error: could not convert ‘& gm->GameManager::sliderout’ from ‘Texture2D*’ {aka ‘Texture*’} to ‘Texture2D’ {aka ‘Texture’}
 1158 |                             DrawTextureEx(&gm->sliderout, {(renderPoints[i].x+4*Global.sliderTexSize-minX)*Global.sliderTexSize,
      |                                           ^~~~~~~~~~~~~~
      |                                           |
      |                                           Texture2D* {aka Texture*}
make: *** [MakefilePC:31: object/hitobjectslider.o] Error 1
