x86_64-w64-mingw32-g++ --static  -D_BSD_SOURCE -DSUPPORT_FILEFORMAT_PNG -D_FILE_OFFSET_BITS=64 -DSUPPORT_FILEFORMAT_BMP -DSUPPORT_FILEFORMAT_JPG -D_WIN32 -MMD -o object/main.o -c src/main.cpp -std=c++17 -O2 -Ivendor/raylib/src -Iinclude -Ivendor/zip/src -Iinclude/sound -I/usr/x86_64-w64-mingw32/include/SDL2 -I/usr/include/SDL2 -D_REENTRANT -D_FILE_OFFSET_BITS=64
In file included from src/main.cpp:11:
include/utils.hpp:12:10: warning: "M_PI" redefined
   12 | # define M_PI 3.14159265358979323846f
      |          ^~~~
In file included from /usr/x86_64-w64-mingw32/include/c++/14.2.0/cmath:47,
                 from /usr/x86_64-w64-mingw32/include/c++/14.2.0/math.h:36,
                 from src/main.cpp:8:
/usr/x86_64-w64-mingw32/include/math.h:45:9: note: this is the location of the previous definition
   45 | #define M_PI            3.14159265358979323846
      |         ^~~~
src/main.cpp: In function ‘void RenderLoop(void*)’:
src/main.cpp:72:5: error: ‘LoadFontDefault’ was not declared in this scope; did you mean ‘GetFontDefault’?
   72 |     LoadFontDefault();
      |     ^~~~~~~~~~~~~~~
      |     GetFontDefault
src/main.cpp:87:45: warning: ISO C++ forbids converting a string constant to ‘char*’ [-Wwrite-strings]
   87 |         std::vector<std::string> files = ls(".png");
      |                                             ^~~~~~
src/main.cpp:104:16: warning: ISO C++ forbids converting a string constant to ‘char*’ [-Wwrite-strings]
  104 |     files = ls(".png");
      |                ^~~~~~
src/main.cpp:158:93: warning: narrowing conversion of ‘(int)ScaleCordX(float)((float)5)’ from ‘int’ to ‘float’ [-Wnarrowing]
  158 |         DrawTextEx(&Global.DefaultFont, TextFormat("FPS: %.3f TPS: %.3f",  avgFPS, avgHZ), {(int)ScaleCordX(5), (int)ScaleCordY(5)}, Scale(20.05), Scale(2), GREEN);
      |                                                                                             ^~~~~~~~~~~~~~~~~~
src/main.cpp:158:113: warning: narrowing conversion of ‘(int)ScaleCordY(float)((float)5)’ from ‘int’ to ‘float’ [-Wnarrowing]
  158 |         DrawTextEx(&Global.DefaultFont, TextFormat("FPS: %.3f TPS: %.3f",  avgFPS, avgHZ), {(int)ScaleCordX(5), (int)ScaleCordY(5)}, Scale(20.05), Scale(2), GREEN);
      |                                                                                                                 ^~~~~~~~~~~~~~~~~~
src/main.cpp:186:5: error: ‘UnloadFontDefault’ was not declared in this scope; did you mean ‘UnloadFontData’?
  186 |     UnloadFontDefault();
      |     ^~~~~~~~~~~~~~~~~
      |     UnloadFontData
src/main.cpp:188:5: error: ‘C2D_Fini’ was not declared in this scope
  188 |     C2D_Fini();
      |     ^~~~~~~~
src/main.cpp:189:9: error: ‘C3D_Fini’ was not declared in this scope
  189 |         C3D_Fini();
      |         ^~~~~~~~
src/main.cpp: In function ‘int main()’:
src/main.cpp:204:5: error: ‘osSetSpeedupEnable’ was not declared in this scope
  204 |     osSetSpeedupEnable(true);
      |     ^~~~~~~~~~~~~~~~~~
src/main.cpp:205:5: error: ‘gfxInitDefault’ was not declared in this scope
  205 |     gfxInitDefault();
      |     ^~~~~~~~~~~~~~
src/main.cpp:206:5: error: ‘aptSetSleepAllowed’ was not declared in this scope
  206 |     aptSetSleepAllowed(true);
      |     ^~~~~~~~~~~~~~~~~~
src/main.cpp:207:5: error: ‘consoleGetDefault’ was not declared in this scope
  207 |     consoleGetDefault()->fg = 23;
      |     ^~~~~~~~~~~~~~~~~
src/main.cpp:210:21: error: ‘GFX_BOTTOM’ was not declared in this scope
  210 |         consoleInit(GFX_BOTTOM, NULL);
      |                     ^~~~~~~~~~
src/main.cpp:210:9: error: ‘consoleInit’ was not declared in this scope
  210 |         consoleInit(GFX_BOTTOM, NULL);
      |         ^~~~~~~~~~~
src/main.cpp:213:21: error: ‘GFX_TOP’ was not declared in this scope
  213 |         consoleInit(GFX_TOP, NULL);
      |                     ^~~~~~~
src/main.cpp:213:9: error: ‘consoleInit’ was not declared in this scope
  213 |         consoleInit(GFX_TOP, NULL);
      |         ^~~~~~~~~~~
src/main.cpp:233:18: error: ‘linearSpaceFree’ was not declared in this scope
  233 |     std::cout << linearSpaceFree() << std::endl;
      |                  ^~~~~~~~~~~~~~~
src/main.cpp:262:5: error: ‘Thread’ was not declared in this scope; did you mean ‘fread’?
  262 |     Thread renderThread;
      |     ^~~~~~
      |     fread
src/main.cpp:263:5: error: ‘renderThread’ was not declared in this scope; did you mean ‘_endthread’?
  263 |     renderThread = threadCreate(RenderLoop, NULL, 1*1024*1024, 0x29, -1, false);
      |     ^~~~~~~~~~~~
      |     _endthread
src/main.cpp:263:20: error: ‘threadCreate’ was not declared in this scope; did you mean ‘pthread_create’?
  263 |     renderThread = threadCreate(RenderLoop, NULL, 1*1024*1024, 0x29, -1, false);
      |                    ^~~~~~~~~~~~
      |                    pthread_create
src/main.cpp:267:36: error: ‘aptMainLoop’ was not declared in this scope
  267 |     while(!WindowShouldClose() and aptMainLoop()){
      |                                    ^~~~~~~~~~~
src/main.cpp:277:22: error: ‘KEY_START’ was not declared in this scope; did you mean ‘KEY_TAB’?
  277 |         if(IsKeyDown(KEY_START)){
      |                      ^~~~~~~~~
      |                      KEY_TAB
src/main.cpp:316:30: error: ‘U64_MAX’ was not declared in this scope
  316 |     threadJoin(renderThread, U64_MAX);
      |                              ^~~~~~~
src/main.cpp:316:5: error: ‘threadJoin’ was not declared in this scope; did you mean ‘pthread_join’?
  316 |     threadJoin(renderThread, U64_MAX);
      |     ^~~~~~~~~~
      |     pthread_join
src/main.cpp:317:5: error: ‘threadFree’ was not declared in this scope
  317 |     threadFree(renderThread);
      |     ^~~~~~~~~~
src/main.cpp:324:5: error: ‘gfxExit’ was not declared in this scope
  324 |     gfxExit();
      |     ^~~~~~~
make: *** [MakefilePC:31: object/main.o] Error 1
